{
  "sample_id": "02_vulnerable_4064__control_wrapper__c3",
  "input_file": "C:\\Users\\weijt\\Desktop\\UNSW\\COMP9900\\project\\capstone-project-26t2-9900-t17a-almond\\outputs\\run_20260723_code_cwe119_winner_xfg_round1\\sources\\02_vulnerable_4064__control_wrapper__c3.c",
  "function_name": "stonesoup_setup_printf_context",
  "joern_status": "success",
  "num_nodes": 21861,
  "num_edges": 48833,
  "predicted_label": 1,
  "vulnerability_probability": 0.9999996423721313,
  "threshold": 0.5,
  "confidence": 0.9999996423721313,
  "lexical_score": null,
  "graph_score": 0.9999996423721313,
  "fusion_status": "deepwukong_xfg_max",
  "unixcoder_score": null,
  "codet5_score": null,
  "graphcodebert_score": null,
  "final_score": 0.9999996423721313
}
Wrote demo outputs to: C:\Users\weijt\Desktop\UNSW\COMP9900\project\capstone-project-26t2-9900-t17a-almond\outputs\run_20260723_code_cwe119_winner_xfg_round1\runs\perturbed\02_vulnerable_4064__control_wrapper__c3
