{
  "sample_id": "01_vulnerable_989__xfg_targeted_dead_code__c1",
  "input_file": "C:\\Users\\weijt\\Desktop\\UNSW\\COMP9900\\project\\capstone-project-26t2-9900-t17a-almond\\outputs\\run_20260723_code_cwe119_winner_xfg_round1\\sources\\01_vulnerable_989__xfg_targeted_dead_code__c1.c",
  "function_name": "stonesoup_setup_printf_context",
  "joern_status": "success",
  "num_nodes": 5582,
  "num_edges": 11900,
  "predicted_label": 1,
  "vulnerability_probability": 1.0,
  "threshold": 0.5,
  "confidence": 1.0,
  "lexical_score": null,
  "graph_score": 1.0,
  "fusion_status": "deepwukong_xfg_max",
  "unixcoder_score": null,
  "codet5_score": null,
  "graphcodebert_score": null,
  "final_score": 1.0
}
Wrote demo outputs to: C:\Users\weijt\Desktop\UNSW\COMP9900\project\capstone-project-26t2-9900-t17a-almond\outputs\run_20260723_code_cwe119_winner_xfg_round1\runs\perturbed\01_vulnerable_989__xfg_targeted_dead_code__c1
