{
  "sample_id": "03_vulnerable_30__array_index_bound_guard__c5",
  "input_file": "C:\\Users\\weijt\\Desktop\\UNSW\\COMP9900\\project\\capstone-project-26t2-9900-t17a-almond\\outputs\\run_20260723_code_cwe119_winner_xfg_round1\\sources\\03_vulnerable_30__array_index_bound_guard__c5.c",
  "function_name": "if",
  "joern_status": "success",
  "num_nodes": 701,
  "num_edges": 1278,
  "predicted_label": 1,
  "vulnerability_probability": 0.9999998807907104,
  "threshold": 0.5,
  "confidence": 0.9999998807907104,
  "lexical_score": null,
  "graph_score": 0.9999998807907104,
  "fusion_status": "deepwukong_xfg_max",
  "unixcoder_score": null,
  "codet5_score": null,
  "graphcodebert_score": null,
  "final_score": 0.9999998807907104
}
Wrote demo outputs to: C:\Users\weijt\Desktop\UNSW\COMP9900\project\capstone-project-26t2-9900-t17a-almond\outputs\run_20260723_code_cwe119_winner_xfg_round1\runs\perturbed\03_vulnerable_30__array_index_bound_guard__c5
