{
  "sample_id": "04_vulnerable_55__data_flow_alias__c1",
  "input_file": "C:\\Users\\weijt\\Desktop\\UNSW\\COMP9900\\project\\capstone-project-26t2-9900-t17a-almond\\outputs\\run_20260723_code_cwe119_winner_xfg_round1\\sources\\04_vulnerable_55__data_flow_alias__c1.c",
  "function_name": "main",
  "joern_status": "success",
  "num_nodes": 83,
  "num_edges": 154,
  "predicted_label": 1,
  "vulnerability_probability": 0.9987426400184631,
  "threshold": 0.5,
  "confidence": 0.9987426400184631,
  "lexical_score": null,
  "graph_score": 0.9987426400184631,
  "fusion_status": "deepwukong_xfg_max",
  "unixcoder_score": null,
  "codet5_score": null,
  "graphcodebert_score": null,
  "final_score": 0.9987426400184631
}
Wrote demo outputs to: C:\Users\weijt\Desktop\UNSW\COMP9900\project\capstone-project-26t2-9900-t17a-almond\outputs\run_20260723_code_cwe119_winner_xfg_round1\runs\perturbed\04_vulnerable_55__data_flow_alias__c1
