{
  "sample_id": "05_vulnerable_32__wide_char_sink_guard__c2",
  "input_file": "C:\\Users\\weijt\\Desktop\\UNSW\\COMP9900\\project\\capstone-project-26t2-9900-t17a-almond\\outputs\\run_20260723_code_cwe119_winner_xfg_round1\\sources\\05_vulnerable_32__wide_char_sink_guard__c2.cpp",
  "function_name": "badSink",
  "joern_status": "success",
  "num_nodes": 183,
  "num_edges": 494,
  "predicted_label": 1,
  "vulnerability_probability": 0.9989835619926453,
  "threshold": 0.5,
  "confidence": 0.9989835619926453,
  "lexical_score": null,
  "graph_score": 0.9989835619926453,
  "fusion_status": "deepwukong_xfg_max",
  "unixcoder_score": null,
  "codet5_score": null,
  "graphcodebert_score": null,
  "final_score": 0.9989835619926453
}
Wrote demo outputs to: C:\Users\weijt\Desktop\UNSW\COMP9900\project\capstone-project-26t2-9900-t17a-almond\outputs\run_20260723_code_cwe119_winner_xfg_round1\runs\perturbed\05_vulnerable_32__wide_char_sink_guard__c2
